user_id,prediction
33,Brown
266,Brown
2074,Blue_Green
45,Brown
276,Brown
44,Brown
258,Brown
268,Brown
189,Brown
357,Brown
279,Brown
311,Brown
241,Blue_Green
1892,Blue_Green
53,Brown
287,Brown
322,Brown
325,Brown
200,Brown
262,Brown
323,Brown
2064,Blue_Green
305,Brown
